python : test_assign_ro
le_permission (test_rba
c_core.RBACCoreTestCase
.test_assign_role_permi
ssion)
At line:1 char:1
+ python run_tests.py 
> test_output.txt 2>&1
+ ~~~~~~~~~~~~~~~~~~~~~
~~~~~~~~~~~~~~~~~~~~~
    + CategoryInfo     
         : NotSpe    
cified: (test_as    
sign_rol...ole_p    
ermission):Strin    g) 
[], RemoteExc    eption
    + FullyQualified   
 ErrorId : Native    
CommandError
 
Test assigning 
permissions to roles 
and roles to users ... 
ERROR
test_multiple_roles (te
st_rbac_core.RBACCoreTe
stCase.test_multiple_ro
les)
Test user permissions 
with multiple roles 
... ERROR
test_role_creation (tes
t_rbac_core.RBACCoreTes
tCase.test_role_creatio
n)
Test role creation ... 
ERROR
test_user_creation (tes
t_rbac_core.RBACCoreTes
tCase.test_user_creatio
n)
Test user creation and 
password hashing ... 
ERROR
test_admin_route_protec
tion (test_route_protec
tion.RouteProtectionTes
tCase.test_admin_route_
protection)
Non-admins cannot 
access admin routes 
... ERROR
test_inventory_access_a
llowed (test_route_prot
ection.RouteProtectionT
estCase.test_inventory_
access_allowed)
User with 
inventory.view CAN 
access inventory ... 
ERROR
test_inventory_edit_den
ied (test_route_protect
ion.RouteProtectionTest
Case.test_inventory_edi
t_denied)
User without 
inventory.edit CANNOT 
edit inventory ... 
ERROR
test_password_policy (t
est_security.SecurityTe
stCase.test_password_po
licy)
Test password strength 
validation logic ... 
ERROR
test_session_expiration
 (test_security.Securit
yTestCase.test_session_
expiration)
Test that expired 
sessions are invalid 
... ERROR
test_session_management
_flow (test_security.Se
curityTestCase.test_ses
sion_management_flow)
Test full session 
lifecycle ... ERROR

=======================
=======================
=======================
=
ERROR: test_assign_role
_permission (test_rbac_
core.RBACCoreTestCase.t
est_assign_role_permiss
ion)
Test assigning 
permissions to roles 
and roles to users
-----------------------
-----------------------
-----------------------
-
Traceback (most recent 
call last):
  File "C:\Users\F3LIX\
.gemini\antigravity\FIS
MRD\tests\test_rbac_cor
e.py", line 12, in 
setUp
    self.app = 
create_app('testing')
               
~~~~~~~~~~^^^^^^^^^^^
  File "C:\Users\F3LIX\
.gemini\antigravity\FIS
MRD\app\__init__.py", 
line 15, in create_app
    from config import 
config
  File "C:\Users\F3LIX\
.gemini\antigravity\FIS
MRD\config.py", line 
37, in <module>
    class Config:
    ...<29 lines>...
        REQUIRE_EMAIL_V
ERIFICATION = False
  File "C:\Users\F3LIX\
.gemini\antigravity\FIS
MRD\config.py", line 
42, in Config
    DB_PASSWORD = 
obtener_db_password()
  File "C:\Users\F3LIX\
.gemini\antigravity\FIS
MRD\config.py", line 
25, in 
obtener_db_password
    print(f"\U0001f511 
Contrase±a recuperada 
desde Windows Vault ({V
AULT_SERVICE_NAME})")
    ~~~~~^^^^^^^^^^^^^^
^^^^^^^^^^^^^^^^^^^^^^^
^^^^^^^^^^^^^^^^^^^^^^^
^^^^^^^^^^^^
  File "C:\Users\F3LIX\
AppData\Local\Python\py
thoncore-3.14-64\Lib\en
codings\cp1252.py", 
line 19, in encode
    return codecs.charm
ap_encode(input,self.er
rors,encoding_table)[0]
           ~~~~~~~~~~~~
~~~~~~~~~^^^^^^^^^^^^^^
^^^^^^^^^^^^^^^^^^^^
UnicodeEncodeError: 
'charmap' codec can't 
encode character 
'\U0001f511' in 
position 0: character 
maps to <undefined>

=======================
=======================
=======================
=
ERROR: 
test_multiple_roles (te
st_rbac_core.RBACCoreTe
stCase.test_multiple_ro
les)
Test user permissions 
with multiple roles
-----------------------
-----------------------
-----------------------
-
Traceback (most recent 
call last):
  File "C:\Users\F3LIX\
.gemini\antigravity\FIS
MRD\tests\test_rbac_cor
e.py", line 12, in 
setUp
    self.app = 
create_app('testing')
               
~~~~~~~~~~^^^^^^^^^^^
  File "C:\Users\F3LIX\
.gemini\antigravity\FIS
MRD\app\__init__.py", 
line 15, in create_app
    from config import 
config
  File "C:\Users\F3LIX\
.gemini\antigravity\FIS
MRD\config.py", line 
37, in <module>
    class Config:
    ...<29 lines>...
        REQUIRE_EMAIL_V
ERIFICATION = False
  File "C:\Users\F3LIX\
.gemini\antigravity\FIS
MRD\config.py", line 
42, in Config
    DB_PASSWORD = 
obtener_db_password()
  File "C:\Users\F3LIX\
.gemini\antigravity\FIS
MRD\config.py", line 
25, in 
obtener_db_password
    print(f"\U0001f511 
Contrase±a recuperada 
desde Windows Vault ({V
AULT_SERVICE_NAME})")
    ~~~~~^^^^^^^^^^^^^^
^^^^^^^^^^^^^^^^^^^^^^^
^^^^^^^^^^^^^^^^^^^^^^^
^^^^^^^^^^^^
  File "C:\Users\F3LIX\
AppData\Local\Python\py
thoncore-3.14-64\Lib\en
codings\cp1252.py", 
line 19, in encode
    return codecs.charm
ap_encode(input,self.er
rors,encoding_table)[0]
           ~~~~~~~~~~~~
~~~~~~~~~^^^^^^^^^^^^^^
^^^^^^^^^^^^^^^^^^^^
UnicodeEncodeError: 
'charmap' codec can't 
encode character 
'\U0001f511' in 
position 0: character 
maps to <undefined>

=======================
=======================
=======================
=
ERROR: 
test_role_creation (tes
t_rbac_core.RBACCoreTes
tCase.test_role_creatio
n)
Test role creation
-----------------------
-----------------------
-----------------------
-
Traceback (most recent 
call last):
  File "C:\Users\F3LIX\
.gemini\antigravity\FIS
MRD\tests\test_rbac_cor
e.py", line 12, in 
setUp
    self.app = 
create_app('testing')
               
~~~~~~~~~~^^^^^^^^^^^
  File "C:\Users\F3LIX\
.gemini\antigravity\FIS
MRD\app\__init__.py", 
line 15, in create_app
    from config import 
config
  File "C:\Users\F3LIX\
.gemini\antigravity\FIS
MRD\config.py", line 
37, in <module>
    class Config:
    ...<29 lines>...
        REQUIRE_EMAIL_V
ERIFICATION = False
  File "C:\Users\F3LIX\
.gemini\antigravity\FIS
MRD\config.py", line 
42, in Config
    DB_PASSWORD = 
obtener_db_password()
  File "C:\Users\F3LIX\
.gemini\antigravity\FIS
MRD\config.py", line 
25, in 
obtener_db_password
    print(f"\U0001f511 
Contrase±a recuperada 
desde Windows Vault ({V
AULT_SERVICE_NAME})")
    ~~~~~^^^^^^^^^^^^^^
^^^^^^^^^^^^^^^^^^^^^^^
^^^^^^^^^^^^^^^^^^^^^^^
^^^^^^^^^^^^
  File "C:\Users\F3LIX\
AppData\Local\Python\py
thoncore-3.14-64\Lib\en
codings\cp1252.py", 
line 19, in encode
    return codecs.charm
ap_encode(input,self.er
rors,encoding_table)[0]
           ~~~~~~~~~~~~
~~~~~~~~~^^^^^^^^^^^^^^
^^^^^^^^^^^^^^^^^^^^
UnicodeEncodeError: 
'charmap' codec can't 
encode character 
'\U0001f511' in 
position 0: character 
maps to <undefined>

=======================
=======================
=======================
=
ERROR: 
test_user_creation (tes
t_rbac_core.RBACCoreTes
tCase.test_user_creatio
n)
Test user creation and 
password hashing
-----------------------
-----------------------
-----------------------
-
Traceback (most recent 
call last):
  File "C:\Users\F3LIX\
.gemini\antigravity\FIS
MRD\tests\test_rbac_cor
e.py", line 12, in 
setUp
    self.app = 
create_app('testing')
               
~~~~~~~~~~^^^^^^^^^^^
  File "C:\Users\F3LIX\
.gemini\antigravity\FIS
MRD\app\__init__.py", 
line 15, in create_app
    from config import 
config
  File "C:\Users\F3LIX\
.gemini\antigravity\FIS
MRD\config.py", line 
37, in <module>
    class Config:
    ...<29 lines>...
        REQUIRE_EMAIL_V
ERIFICATION = False
  File "C:\Users\F3LIX\
.gemini\antigravity\FIS
MRD\config.py", line 
42, in Config
    DB_PASSWORD = 
obtener_db_password()
  File "C:\Users\F3LIX\
.gemini\antigravity\FIS
MRD\config.py", line 
25, in 
obtener_db_password
    print(f"\U0001f511 
Contrase±a recuperada 
desde Windows Vault ({V
AULT_SERVICE_NAME})")
    ~~~~~^^^^^^^^^^^^^^
^^^^^^^^^^^^^^^^^^^^^^^
^^^^^^^^^^^^^^^^^^^^^^^
^^^^^^^^^^^^
  File "C:\Users\F3LIX\
AppData\Local\Python\py
thoncore-3.14-64\Lib\en
codings\cp1252.py", 
line 19, in encode
    return codecs.charm
ap_encode(input,self.er
rors,encoding_table)[0]
           ~~~~~~~~~~~~
~~~~~~~~~^^^^^^^^^^^^^^
^^^^^^^^^^^^^^^^^^^^
UnicodeEncodeError: 
'charmap' codec can't 
encode character 
'\U0001f511' in 
position 0: character 
maps to <undefined>

=======================
=======================
=======================
=
ERROR: test_admin_route
_protection (test_route
_protection.RouteProtec
tionTestCase.test_admin
_route_protection)
Non-admins cannot 
access admin routes
-----------------------
-----------------------
-----------------------
-
Traceback (most recent 
call last):
  File "C:\Users\F3LIX\
.gemini\antigravity\FIS
MRD\tests\test_route_pr
otection.py", line 11, 
in setUp
    self.app = 
create_app('testing')
               
~~~~~~~~~~^^^^^^^^^^^
  File "C:\Users\F3LIX\
.gemini\antigravity\FIS
MRD\app\__init__.py", 
line 15, in create_app
    from config import 
config
  File "C:\Users\F3LIX\
.gemini\antigravity\FIS
MRD\config.py", line 
37, in <module>
    class Config:
    ...<29 lines>...
        REQUIRE_EMAIL_V
ERIFICATION = False
  File "C:\Users\F3LIX\
.gemini\antigravity\FIS
MRD\config.py", line 
42, in Config
    DB_PASSWORD = 
obtener_db_password()
  File "C:\Users\F3LIX\
.gemini\antigravity\FIS
MRD\config.py", line 
25, in 
obtener_db_password
    print(f"\U0001f511 
Contrase±a recuperada 
desde Windows Vault ({V
AULT_SERVICE_NAME})")
    ~~~~~^^^^^^^^^^^^^^
^^^^^^^^^^^^^^^^^^^^^^^
^^^^^^^^^^^^^^^^^^^^^^^
^^^^^^^^^^^^
  File "C:\Users\F3LIX\
AppData\Local\Python\py
thoncore-3.14-64\Lib\en
codings\cp1252.py", 
line 19, in encode
    return codecs.charm
ap_encode(input,self.er
rors,encoding_table)[0]
           ~~~~~~~~~~~~
~~~~~~~~~^^^^^^^^^^^^^^
^^^^^^^^^^^^^^^^^^^^
UnicodeEncodeError: 
'charmap' codec can't 
encode character 
'\U0001f511' in 
position 0: character 
maps to <undefined>

=======================
=======================
=======================
=
ERROR: test_inventory_a
ccess_allowed (test_rou
te_protection.RouteProt
ectionTestCase.test_inv
entory_access_allowed)
User with 
inventory.view CAN 
access inventory
-----------------------
-----------------------
-----------------------
-
Traceback (most recent 
call last):
  File "C:\Users\F3LIX\
.gemini\antigravity\FIS
MRD\tests\test_route_pr
otection.py", line 11, 
in setUp
    self.app = 
create_app('testing')
               
~~~~~~~~~~^^^^^^^^^^^
  File "C:\Users\F3LIX\
.gemini\antigravity\FIS
MRD\app\__init__.py", 
line 15, in create_app
    from config import 
config
  File "C:\Users\F3LIX\
.gemini\antigravity\FIS
MRD\config.py", line 
37, in <module>
    class Config:
    ...<29 lines>...
        REQUIRE_EMAIL_V
ERIFICATION = False
  File "C:\Users\F3LIX\
.gemini\antigravity\FIS
MRD\config.py", line 
42, in Config
    DB_PASSWORD = 
obtener_db_password()
  File "C:\Users\F3LIX\
.gemini\antigravity\FIS
MRD\config.py", line 
25, in 
obtener_db_password
    print(f"\U0001f511 
Contrase±a recuperada 
desde Windows Vault ({V
AULT_SERVICE_NAME})")
    ~~~~~^^^^^^^^^^^^^^
^^^^^^^^^^^^^^^^^^^^^^^
^^^^^^^^^^^^^^^^^^^^^^^
^^^^^^^^^^^^
  File "C:\Users\F3LIX\
AppData\Local\Python\py
thoncore-3.14-64\Lib\en
codings\cp1252.py", 
line 19, in encode
    return codecs.charm
ap_encode(input,self.er
rors,encoding_table)[0]
           ~~~~~~~~~~~~
~~~~~~~~~^^^^^^^^^^^^^^
^^^^^^^^^^^^^^^^^^^^
UnicodeEncodeError: 
'charmap' codec can't 
encode character 
'\U0001f511' in 
position 0: character 
maps to <undefined>

=======================
=======================
=======================
=
ERROR: test_inventory_e
dit_denied (test_route_
protection.RouteProtect
ionTestCase.test_invent
ory_edit_denied)
User without 
inventory.edit CANNOT 
edit inventory
-----------------------
-----------------------
-----------------------
-
Traceback (most recent 
call last):
  File "C:\Users\F3LIX\
.gemini\antigravity\FIS
MRD\tests\test_route_pr
otection.py", line 11, 
in setUp
    self.app = 
create_app('testing')
               
~~~~~~~~~~^^^^^^^^^^^
  File "C:\Users\F3LIX\
.gemini\antigravity\FIS
MRD\app\__init__.py", 
line 15, in create_app
    from config import 
config
  File "C:\Users\F3LIX\
.gemini\antigravity\FIS
MRD\config.py", line 
37, in <module>
    class Config:
    ...<29 lines>...
        REQUIRE_EMAIL_V
ERIFICATION = False
  File "C:\Users\F3LIX\
.gemini\antigravity\FIS
MRD\config.py", line 
42, in Config
    DB_PASSWORD = 
obtener_db_password()
  File "C:\Users\F3LIX\
.gemini\antigravity\FIS
MRD\config.py", line 
25, in 
obtener_db_password
    print(f"\U0001f511 
Contrase±a recuperada 
desde Windows Vault ({V
AULT_SERVICE_NAME})")
    ~~~~~^^^^^^^^^^^^^^
^^^^^^^^^^^^^^^^^^^^^^^
^^^^^^^^^^^^^^^^^^^^^^^
^^^^^^^^^^^^
  File "C:\Users\F3LIX\
AppData\Local\Python\py
thoncore-3.14-64\Lib\en
codings\cp1252.py", 
line 19, in encode
    return codecs.charm
ap_encode(input,self.er
rors,encoding_table)[0]
           ~~~~~~~~~~~~
~~~~~~~~~^^^^^^^^^^^^^^
^^^^^^^^^^^^^^^^^^^^
UnicodeEncodeError: 
'charmap' codec can't 
encode character 
'\U0001f511' in 
position 0: character 
maps to <undefined>

=======================
=======================
=======================
=
ERROR: 
test_password_policy (t
est_security.SecurityTe
stCase.test_password_po
licy)
Test password strength 
validation logic
-----------------------
-----------------------
-----------------------
-
Traceback (most recent 
call last):
  File "C:\Users\F3LIX\
.gemini\antigravity\FIS
MRD\tests\test_security
.py", line 13, in setUp
    self.app = 
create_app('testing')
               
~~~~~~~~~~^^^^^^^^^^^
  File "C:\Users\F3LIX\
.gemini\antigravity\FIS
MRD\app\__init__.py", 
line 15, in create_app
    from config import 
config
  File "C:\Users\F3LIX\
.gemini\antigravity\FIS
MRD\config.py", line 
37, in <module>
    class Config:
    ...<29 lines>...
        REQUIRE_EMAIL_V
ERIFICATION = False
  File "C:\Users\F3LIX\
.gemini\antigravity\FIS
MRD\config.py", line 
42, in Config
    DB_PASSWORD = 
obtener_db_password()
  File "C:\Users\F3LIX\
.gemini\antigravity\FIS
MRD\config.py", line 
25, in 
obtener_db_password
    print(f"\U0001f511 
Contrase±a recuperada 
desde Windows Vault ({V
AULT_SERVICE_NAME})")
    ~~~~~^^^^^^^^^^^^^^
^^^^^^^^^^^^^^^^^^^^^^^
^^^^^^^^^^^^^^^^^^^^^^^
^^^^^^^^^^^^
  File "C:\Users\F3LIX\
AppData\Local\Python\py
thoncore-3.14-64\Lib\en
codings\cp1252.py", 
line 19, in encode
    return codecs.charm
ap_encode(input,self.er
rors,encoding_table)[0]
           ~~~~~~~~~~~~
~~~~~~~~~^^^^^^^^^^^^^^
^^^^^^^^^^^^^^^^^^^^
UnicodeEncodeError: 
'charmap' codec can't 
encode character 
'\U0001f511' in 
position 0: character 
maps to <undefined>

=======================
=======================
=======================
=
ERROR: test_session_exp
iration (test_security.
SecurityTestCase.test_s
ession_expiration)
Test that expired 
sessions are invalid
-----------------------
-----------------------
-----------------------
-
Traceback (most recent 
call last):
  File "C:\Users\F3LIX\
.gemini\antigravity\FIS
MRD\tests\test_security
.py", line 13, in setUp
    self.app = 
create_app('testing')
               
~~~~~~~~~~^^^^^^^^^^^
  File "C:\Users\F3LIX\
.gemini\antigravity\FIS
MRD\app\__init__.py", 
line 15, in create_app
    from config import 
config
  File "C:\Users\F3LIX\
.gemini\antigravity\FIS
MRD\config.py", line 
37, in <module>
    class Config:
    ...<29 lines>...
        REQUIRE_EMAIL_V
ERIFICATION = False
  File "C:\Users\F3LIX\
.gemini\antigravity\FIS
MRD\config.py", line 
42, in Config
    DB_PASSWORD = 
obtener_db_password()
  File "C:\Users\F3LIX\
.gemini\antigravity\FIS
MRD\config.py", line 
25, in 
obtener_db_password
    print(f"\U0001f511 
Contrase±a recuperada 
desde Windows Vault ({V
AULT_SERVICE_NAME})")
    ~~~~~^^^^^^^^^^^^^^
^^^^^^^^^^^^^^^^^^^^^^^
^^^^^^^^^^^^^^^^^^^^^^^
^^^^^^^^^^^^
  File "C:\Users\F3LIX\
AppData\Local\Python\py
thoncore-3.14-64\Lib\en
codings\cp1252.py", 
line 19, in encode
    return codecs.charm
ap_encode(input,self.er
rors,encoding_table)[0]
           ~~~~~~~~~~~~
~~~~~~~~~^^^^^^^^^^^^^^
^^^^^^^^^^^^^^^^^^^^
UnicodeEncodeError: 
'charmap' codec can't 
encode character 
'\U0001f511' in 
position 0: character 
maps to <undefined>

=======================
=======================
=======================
=
ERROR: test_session_man
agement_flow (test_secu
rity.SecurityTestCase.t
est_session_management_
flow)
Test full session 
lifecycle
-----------------------
-----------------------
-----------------------
-
Traceback (most recent 
call last):
  File "C:\Users\F3LIX\
.gemini\antigravity\FIS
MRD\tests\test_security
.py", line 13, in setUp
    self.app = 
create_app('testing')
               
~~~~~~~~~~^^^^^^^^^^^
  File "C:\Users\F3LIX\
.gemini\antigravity\FIS
MRD\app\__init__.py", 
line 15, in create_app
    from config import 
config
  File "C:\Users\F3LIX\
.gemini\antigravity\FIS
MRD\config.py", line 
37, in <module>
    class Config:
    ...<29 lines>...
        REQUIRE_EMAIL_V
ERIFICATION = False
  File "C:\Users\F3LIX\
.gemini\antigravity\FIS
MRD\config.py", line 
42, in Config
    DB_PASSWORD = 
obtener_db_password()
  File "C:\Users\F3LIX\
.gemini\antigravity\FIS
MRD\config.py", line 
25, in 
obtener_db_password
    print(f"\U0001f511 
Contrase±a recuperada 
desde Windows Vault ({V
AULT_SERVICE_NAME})")
    ~~~~~^^^^^^^^^^^^^^
^^^^^^^^^^^^^^^^^^^^^^^
^^^^^^^^^^^^^^^^^^^^^^^
^^^^^^^^^^^^
  File "C:\Users\F3LIX\
AppData\Local\Python\py
thoncore-3.14-64\Lib\en
codings\cp1252.py", 
line 19, in encode
    return codecs.charm
ap_encode(input,self.er
rors,encoding_table)[0]
           ~~~~~~~~~~~~
~~~~~~~~~^^^^^^^^^^^^^^
^^^^^^^^^^^^^^^^^^^^
UnicodeEncodeError: 
'charmap' codec can't 
encode character 
'\U0001f511' in 
position 0: character 
maps to <undefined>

-----------------------
-----------------------
-----------------------
-
Ran 10 tests in 0.154s

FAILED (errors=10)
