BRAND      | EXPECTED                                      | RESULT                                        | STATUS
--------------------------------------------------------------------------------------------------------------
